// Jest Snapshot v1, https://goo.gl/fbAQLP

exports[`renders pdf viewer 1`] = `
<RCTScrollView
  ItemSeparatorComponent={[Function]}
  data={Array []}
  disableVirtualization={false}
  getItem={[Function]}
  getItemCount={[Function]}
  getItemLayout={[Function]}
  horizontal={false}
  initialNumToRender={1}
  keyExtractor={[Function]}
  maxToRenderPerBatch={2}
  onContentSizeChange={[Function]}
  onEndReachedThreshold={2}
  onLayout={[Function]}
  onMomentumScrollEnd={[Function]}
  onScroll={[Function]}
  onScrollBeginDrag={[Function]}
  onScrollEndDrag={[Function]}
  removeClippedSubviews={false}
  renderItem={[Function]}
  scrollEventThrottle={50}
  stickyHeaderIndices={Array []}
  testID="pdfFlatList"
  updateCellsBatchingPeriod={50}
  viewabilityConfigCallbackPairs={Array []}
  windowSize={5}
>
  <View />
</RCTScrollView>
`;

exports[`viewer renders pages 1`] = `
<RNPdfView
  onPdfError={[Function]}
  onPdfLoadComplete={[Function]}
  page={0}
  source="test.pdf"
  style={
    Object {
      "backgroundColor": "#fff",
      "elevation": 4,
      "shadowColor": "#000",
      "shadowOffset": Object {
        "height": 2,
        "width": 0,
      },
      "shadowOpacity": 0.23,
      "shadowRadius": 2.62,
    }
  }
/>
`;
